./TracerAspect.aj
./src/JOsek.java
./src/Configuration.java
./src/HighlevelConfiguration_Task.java
./src/SSingleton.java
./src/PrimitiveRootAttribute.java
./src/HighlevelConfiguration_Hooks.java
./src/HighlevelConfiguration_Counter.java
./src/PrimitiveAttribute.java
./src/Priorities.java
./src/HighlevelConfiguration_Event.java
./src/PrimitiveBoolAttribute.java
./src/AlarmEvent_ActivateTask.java
./src/AlarmEvent.java
./src/HighlevelConfiguration_Resource.java
./src/CommandLineOptions.java
./src/Attribute.java
./src/HighlevelConfiguration.java
./src/CodeHook.java
./src/CodeHook_Standard.java
./src/Mathematik.java
./src/AlarmEvent_SetEvent.java
./src/CodeGenerator.java
./src/HighlevelConfiguration_Alarm.java
./src/ArrayOptimizer.java
./src/PrimitiveIncludeAttribute.java
./src/PrimitiveFloatAttribute.java
./src/AddArrayOptimizers.java
./src/PrimitiveIntAttribute.java
./src/PrimitiveStringAttribute.java
./src/AlarmEvent_Callback.java
./backends/EPOS-OSEK4C/codehooks/CH_EO_C_os_cc_includes.java
./backends/EPOS-OSEK4C/codehooks/CH_EO_C_osek_os_h_taskDecs.java
./backends/EPOS-OSEK4C/codehooks/CH_EO_C_os_cc_alarmsData.java
./backends/EPOS-OSEK4C/codehooks/CH_EO_C_os_cc_alarmsFuncDefs.java
./backends/EPOS-OSEK4C/codehooks/CH_EO_C_os_cc_prototypes.java
./backends/EPOS-OSEK4C/codehooks/CH_EO_C_os_cc_mainFunc.java
./backends/EPOS-OSEK4C/codehooks/CH_EO_C_osek_task_cc_shutdownHook.java
./backends/EPOS-OSEK4C/codehooks/CH_EO_C_os_cc.java
./backends/EPOS-OSEK4C/codehooks/CH_EO_C_thread_osek_cc_postTaskHook.java
./backends/EPOS-OSEK4C/codehooks/CH_EO_C_osek_os_h_hookPrototypes.java
./backends/EPOS-OSEK4C/codehooks/CH_EO_C_osek_os_h_enums.java
./backends/EPOS-OSEK4C/codehooks/CH_EO_C_os_cc_resources.java
./backends/EPOS-OSEK4C/codehooks/CH_EO_C_thread_osek_cc_preTaskHook.java
./backends/EPOS-OSEK4C/codehooks/CH_EO_C_osek_task_cc_startupHook.java
./backends/EPOS-OSEK4C/codehooks/CH_EO_C_os_cc_tasks.java
./backends/josek/codehooks/CodeHook_osc_schedule_pretaskhook.java
./backends/josek/codehooks/CodeHook_osc_ArrayOptimizerCode.java
./backends/josek/codehooks/CodeHook_osc_main_preschedule.java
./backends/josek/codehooks/CodeHook_osc_tasks.java
./backends/josek/codehooks/CodeHook_osc_ArrayOptimizerDef.java
./backends/josek/codehooks/CodeHook_osh_prototypes.java
./backends/josek/codehooks/CodeHook_osc_dumpstack.java
./backends/josek/codehooks/CodeHook_osh_ArrayOptimizerDef.java
./backends/josek/codehooks/CodeHook_osc_schedule_posttaskhook.java
./backends/josek/codehooks/CodeHook_osh_symbols.java
./backends/josek/codehooks/CodeHook_osc_counters.java
./backends/josek/codehooks/CodeHook_osc_settimer.java
./backends/josek/codehooks/CodeHook_osc_timerhandler.java
./backends/josek/codehooks/CodeHook_osc_stackprotector.java
./backends/josek/codehooks/CodeHook_osc_main_signalhandler.java
./backends/EPOS-OSEK4C++/codehooks/CH_EO_CPP_os_cc.java
./backends/EPOS-OSEK4C++/codehooks/CH_EO_CPP_thread_osek_cc_postTaskHook.java
./backends/EPOS-OSEK4C++/codehooks/CH_EO_CPP_os_cc_includes.java
./backends/EPOS-OSEK4C++/codehooks/CH_EO_CPP_os_cc_mainFunc.java
./backends/EPOS-OSEK4C++/codehooks/CH_EO_CPP_osek_task_cc_shutdownHook.java
./backends/EPOS-OSEK4C++/codehooks/CH_EO_CPP_os_cc_alarmsData.java
./backends/EPOS-OSEK4C++/codehooks/CH_EO_CPP_osek_os_h_hookPrototypes.java
./backends/EPOS-OSEK4C++/codehooks/CH_EO_CPP_os_cc_tasks.java
./backends/EPOS-OSEK4C++/codehooks/CH_EO_CPP_os_cc_prototypes.java
./backends/EPOS-OSEK4C++/codehooks/CH_EO_CPP_osek_task_cc_startupHook.java
./backends/EPOS-OSEK4C++/codehooks/CH_EO_CPP_thread_osek_cc_preTaskHook.java
./backends/EPOS-OSEK4C++/codehooks/CH_EO_CPP_osek_os_h_taskDecs.java
./backends/EPOS-OSEK4C++/codehooks/CH_EO_CPP_os_cc_alarmsFuncDefs.java
./backends/EPOS-OSEK4C++/codehooks/CH_EO_CPP_osek_os_h_enums.java
./backends/EPOS-OSEK4C++/codehooks/CH_EO_CPP_os_cc_resources.java
./parser/ConfigReaderConstants.java
./parser/TokenMgrError.java
./parser/SimpleCharStream.java
./parser/ParseException.java
./parser/ConfigReaderTokenManager.java
./parser/Token.java
./parser/ConfigReader.java
